Microchip MPLAB XC8 Compiler V1.41 ()

Linker command line:

-W-3 --edf=C:\Program Files (x86)\Microchip\xc8\v1.41\dat\en_msgs.txt -cs \
  -h+dist/default/production\ext_eeprom.X.production.sym \
  --cmf=dist/default/production\ext_eeprom.X.production.cmf -z -Q18F4520 \
  -oC:\Users\DEVILB~1\AppData\Local\Temp\s6cs.2 \
  -Mdist/default/production/ext_eeprom.X.production.map -E1 -ver=XC8 \
  -ASTACK=0300h-05ffh -pstack=STACK -ACODE=00h-07FFFh -ACONST=00h-07FFFh \
  -ASMALLCONST=0600h-06FFhx122 -AMEDIUMCONST=0600h-07FFFh -ACOMRAM=01h-07Fh \
  -AABS1=00h-05FFh -ABIGRAM=01h-05FFh -ARAM=080h-0FFh,0100h-01FFhx5 \
  -ABANK0=080h-0FFh -ABANK1=0100h-01FFh -ABANK2=0200h-02FFh \
  -ABANK3=0300h-03FFh -ABANK4=0400h-04FFh -ABANK5=0500h-05FFh \
  -ASFR=0F80h-0FFFh -preset_vec=00h,intcode=08h,intcodelo=018h,powerup,init \
  -pramtop=0600h -psmallconst=SMALLCONST -pmediumconst=MEDIUMCONST \
  -pconst=CONST -AFARRAM=00h-00h -ACONFIG=0300000h-030000Dh -pconfig=CONFIG \
  -AIDLOC=0200000h-0200007h -pidloc=IDLOC -AEEDATA=0F00000h-0F000FFh \
  -peeprom_data=EEDATA \
  -prdata=COMRAM,nvrram=COMRAM,nvbit=COMRAM,rbss=COMRAM,rbit=COMRAM \
  -pfarbss=FARRAM,fardata=FARRAM,nvFARRAM=FARRAM \
  -pintsave_regs=BIGRAM,bigbss=BIGRAM,bigdata=BIGRAM -pbss=RAM \
  -pidata=CODE,irdata=CODE,ibigdata=CODE,ifardata=CODE -prparam=COMRAM \
  C:\Users\DEVILB~1\AppData\Local\Temp\s6cs.obj \
  dist/default/production\ext_eeprom.X.production.obj 

Object code version is 3.11

Machine type is 18F4520

Call graph: (short form)




                Name                               Link     Load   Length Selector   Space Scale
C:\Users\DEVILB~1\AppData\Local\Temp\s6cs.obj
                init                                 AA       AA        4        C       0
                reset_vec                             0        0        4        0       0
                idloc                            200000   200000        8   200000       0
                config                           300000   300000        E   300000       0
dist/default/production\ext_eeprom.X.production.obj
                intcodelo                            18       18       92        C       0
                intcode                               8        8        6        4       0
                temp                                 5A       5A        1        1       1
                smallconst                          600      600       30      300       0
                text20                              E02      E02       2E      318       0
                intcode_body                        B24      B24       94      318       0
                text17                              E4A      E4A       18      318       0
                text16                              E76      E76       12      318       0
                text15                              E30      E30       1A      318       0
                text14                              EB6      EB6        8      318       0
                text13                              EAE      EAE        8      318       0
                text12                              EA6      EA6        8      318       0
                text11                              E62      E62       14      318       0
                text10                              D56      D56       40      318       0
                text9                               C1A      C1A       56      318       0
                text8                               CC2      CC2       52      318       0
                text7                               C70      C70       52      318       0
                text6                               D14      D14       42      318       0
                text5                               9DC      9DC      148      318       0
                text4                               E98      E98        E      318       0
                text3                               DCC      DCC       36      318       0
                text2                               E88      E88       10      318       0
                text1                               D96      D96       36      318       0
                text0                               630      630      3AC      318       0
                cstackCOMRAM                          1        1       42        1       1
                cstackBANK0                          80       80       10       80       1
                bssBANK2                            200      200      100      200       1
                bssBANK1                            100      100      100      100       1
                dataCOMRAM                           56       56        4        1       1
                bssCOMRAM                            43       43       13        1       1
                cinit                               BB8      BB8       62      318       0
                idataCOMRAM                         EBE      EBE        4      318       0

TOTAL           Name                               Link     Load   Length     Space
        CLASS   STACK          

        CLASS   CODE           
                intcodelo                            18       18       92         0
                intcode                               8        8        6         0
                init                                 AA       AA        4         0
                reset_vec                             0        0        4         0
                text20                              E02      E02       2E         0
                intcode_body                        B24      B24       94         0
                text17                              E4A      E4A       18         0
                text16                              E76      E76       12         0
                text15                              E30      E30       1A         0
                text14                              EB6      EB6        8         0
                text13                              EAE      EAE        8         0
                text12                              EA6      EA6        8         0
                text11                              E62      E62       14         0
                text10                              D56      D56       40         0
                text9                               C1A      C1A       56         0
                text8                               CC2      CC2       52         0
                text7                               C70      C70       52         0
                text6                               D14      D14       42         0
                text5                               9DC      9DC      148         0
                text4                               E98      E98        E         0
                text3                               DCC      DCC       36         0
                text2                               E88      E88       10         0
                text1                               D96      D96       36         0
                text0                               630      630      3AC         0
                cinit                               BB8      BB8       62         0
                idataCOMRAM                         EBE      EBE        4         0

        CLASS   CONST          

        CLASS   SMALLCONST     
                smallconst                          600      600       30         0

        CLASS   MEDIUMCONST    

        CLASS   COMRAM         
                temp                                 5A       5A        1         1
                cstackCOMRAM                          1        1       42         1
                dataCOMRAM                           56       56        4         1
                bssCOMRAM                            43       43       13         1

        CLASS   ABS1           

        CLASS   BIGRAM         

        CLASS   RAM            

        CLASS   BANK0          
                cstackBANK0                          80       80       10         1

        CLASS   BANK1          
                bssBANK1                            100      100      100         1

        CLASS   BANK2          
                bssBANK2                            200      200      100         1

        CLASS   BANK3          

        CLASS   BANK4          

        CLASS   BANK5          

        CLASS   SFR            

        CLASS   FARRAM         

        CLASS   CONFIG         
                config                           300000   300000        E         0

        CLASS   IDLOC          
                idloc                            200000   200000        8         0

        CLASS   EEDATA         



SEGMENTS        Name                           Load    Length   Top    Selector   Space  Class

                reset_vec                      000000  000004  000004         0       0  CODE    
                cstackCOMRAM                   000001  00005A  00005B         1       1  COMRAM  
                intcode                        000008  000006  00000E         4       0  CODE    
                intcodelo                      000018  000096  0000AE         C       0  CODE    
                cstackBANK0                    000080  000010  000090        80       1  BANK0   
                bssBANK1                       000100  000100  000200       100       1  BANK1   
                bssBANK2                       000200  000100  000300       200       1  BANK2   
                smallconst                     000600  000030  000630       300       0  SMALLCON
                text0                          000630  000892  000EC2       318       0  CODE    
                idloc                          200000  000008  200008    200000       0  IDLOC   
                config                         300000  00000E  30000E    300000       0  CONFIG  


UNUSED ADDRESS RANGES

        Name                Unused          Largest block    Delta
        BANK0            000090-0000FF               70
        BANK3            000300-0003FF              100
        BANK4            000400-0004FF              100
        BANK5            000500-0005FF              100
        BIGRAM           00005B-00007F               25
                         000090-0000FF               70
                         000300-0005FF              300
        CODE             000004-000007                4
                         00000E-000017                A
                         0000AE-0005FF              552
                         000EC2-007FFF             713E
        COMRAM           00005B-00007F               25
        CONST            000004-000007                4
                         00000E-000017                A
                         0000AE-0005FF              552
                         000EC2-007FFF             713E
        EEDATA           F00000-F000FF              100
        MEDIUMCONST      000EC2-007FFF             713E
        RAM              000090-0000FF               70
                         000300-0005FF              100
        SFR              000F80-000FFF               80
        SMALLCONST       000EC2-007FFF              100
        STACK            000300-0005FF              300

                                  Symbol Table

?___lmul                   cstackCOMRAM 000025
?___lwdiv                  cstackCOMRAM 000025
?___lwmod                  cstackCOMRAM 00002C
?_rand                     cstackCOMRAM 000031
?_sprintf                  cstackCOMRAM 000031
_BAUDCONbits               (abs)        000FB8
_INTCONbits                (abs)        000FF2
_IPR1bits                  (abs)        000F9F
_LATB                      (abs)        000F8A
_LATDbits                  (abs)        000F8C
_OSCCONbits                (abs)        000FD3
_PIE1bits                  (abs)        000F9D
_PIR1bits                  (abs)        000F9E
_RCONbits                  (abs)        000FD0
_RCREG                     (abs)        000FAE
_RCSTAbits                 (abs)        000FAB
_SPBRG                     (abs)        000FAF
_SPBRGH                    (abs)        000FB0
_SSPADD                    (abs)        000FC8
_SSPBUF                    (abs)        000FC9
_SSPCON1bits               (abs)        000FC6
_SSPCON2                   (abs)        000FC5
_SSPCON2bits               (abs)        000FC5
_SSPSTAT                   (abs)        000FC7
_SSPSTATbits               (abs)        000FC7
_TRISB                     (abs)        000F93
_TRISCbits                 (abs)        000F94
_TRISDbits                 (abs)        000F95
_TXREG                     (abs)        000FAD
_TXSTAbits                 (abs)        000FAC
__CFG_BOREN$OFF            (abs)        000000
__CFG_BORV$3               (abs)        000000
__CFG_CCP2MX$PORTC         (abs)        000000
__CFG_CP0$OFF              (abs)        000000
__CFG_CP1$OFF              (abs)        000000
__CFG_CP2$OFF              (abs)        000000
__CFG_CP3$OFF              (abs)        000000
__CFG_CPB$OFF              (abs)        000000
__CFG_CPD$OFF              (abs)        000000
__CFG_EBTR0$OFF            (abs)        000000
__CFG_EBTR1$OFF            (abs)        000000
__CFG_EBTR2$OFF            (abs)        000000
__CFG_EBTR3$OFF            (abs)        000000
__CFG_EBTRB$OFF            (abs)        000000
__CFG_FCMEN$OFF            (abs)        000000
__CFG_IESO$OFF             (abs)        000000
__CFG_LPT1OSC$OFF          (abs)        000000
__CFG_LVP$OFF              (abs)        000000
__CFG_MCLRE$ON             (abs)        000000
__CFG_OSC$INTIO67          (abs)        000000
__CFG_PBADEN$OFF           (abs)        000000
__CFG_PWRT$OFF             (abs)        000000
__CFG_STVREN$ON            (abs)        000000
__CFG_WDT$OFF              (abs)        000000
__CFG_WDTPS$32768          (abs)        000000
__CFG_WRT0$OFF             (abs)        000000
__CFG_WRT1$OFF             (abs)        000000
__CFG_WRT2$OFF             (abs)        000000
__CFG_WRT3$OFF             (abs)        000000
__CFG_WRTB$OFF             (abs)        000000
__CFG_WRTC$OFF             (abs)        000000
__CFG_WRTD$OFF             (abs)        000000
__CFG_XINST$OFF            (abs)        000000
__HRAM                     (abs)        000000
__Habs1                    abs1         000000
__Hbank0                   bank0        000000
__Hbank1                   bank1        000000
__Hbank2                   bank2        000000
__Hbank3                   bank3        000000
__Hbank4                   bank4        000000
__Hbank5                   bank5        000000
__Hbigbss                  bigbss       000000
__Hbigdata                 bigdata      000000
__Hbigram                  bigram       000000
__Hbss                     bss          000000
__HbssBANK1                bssBANK1     000000
__HbssBANK2                bssBANK2     000000
__HbssCOMRAM               bssCOMRAM    000000
__Hcinit                   cinit        000000
__Hclrtext                 clrtext      000000
__Hcomram                  comram       000000
__Hconfig                  config       30000E
__Hconst                   const        000000
__HcstackBANK0             cstackBANK0  000000
__HcstackCOMRAM            cstackCOMRAM 000000
__Hdata                    data         000000
__HdataCOMRAM              dataCOMRAM   000000
__Heeprom_data             eeprom_data  000000
__Hfarbss                  farbss       000000
__Hfardata                 fardata      000000
__Hibigdata                ibigdata     000000
__Hidata                   idata        000000
__HidataCOMRAM             idataCOMRAM  000000
__Hidloc                   idloc        200008
__Hifardata                ifardata     000000
__Hinit                    init         0000AE
__Hintcode                 intcode      00000E
__Hintcode_body            intcode_body 000000
__Hintcodelo               intcodelo    0000AA
__Hintentry                intentry     000000
__Hintret                  intret       000000
__Hintsave_regs            intsave_regs 000000
__Hirdata                  irdata       000000
__Hmediumconst             mediumconst  000000
__HnvFARRAM                nvFARRAM     000000
__Hnvbit                   nvbit        000000
__Hnvrram                  nvrram       000000
__Hparam                   rparam       000000
__Hpowerup                 powerup      0000AA
__Hram                     ram          000000
__Hramtop                  ramtop       000600
__Hrbit                    rbit         000000
__Hrbss                    rbss         000000
__Hrdata                   rdata        000000
__Hreset_vec               reset_vec    000004
__Hrparam                  rparam       000000
__Hsfr                     sfr          000000
__Hsmallconst              smallconst   000630
__Hspace_0                 (abs)        30000E
__Hspace_1                 (abs)        000300
__Hspace_2                 (abs)        000000
__Hstack                   stack        000000
__Hstruct                  struct       000000
__Htemp                    temp         00005B
__Htext                    text         000000
__Htext0                   text0        000000
__Htext1                   text1        000000
__Htext10                  text10       000000
__Htext11                  text11       000000
__Htext12                  text12       000000
__Htext13                  text13       000000
__Htext14                  text14       000000
__Htext15                  text15       000000
__Htext16                  text16       000000
__Htext17                  text17       000000
__Htext2                   text2        000000
__Htext20                  text20       000000
__Htext3                   text3        000000
__Htext4                   text4        000000
__Htext5                   text5        000000
__Htext6                   text6        000000
__Htext7                   text7        000000
__Htext8                   text8        000000
__Htext9                   text9        000000
__LRAM                     (abs)        000001
__Labs1                    abs1         000000
__Lbank0                   bank0        000000
__Lbank1                   bank1        000000
__Lbank2                   bank2        000000
__Lbank3                   bank3        000000
__Lbank4                   bank4        000000
__Lbank5                   bank5        000000
__Lbigbss                  bigbss       000000
__Lbigdata                 bigdata      000000
__Lbigram                  bigram       000000
__Lbss                     bss          000000
__LbssBANK1                bssBANK1     000000
__LbssBANK2                bssBANK2     000000
__LbssCOMRAM               bssCOMRAM    000000
__Lcinit                   cinit        000000
__Lclrtext                 clrtext      000000
__Lcomram                  comram       000000
__Lconfig                  config       300000
__Lconst                   const        000000
__LcstackBANK0             cstackBANK0  000000
__LcstackCOMRAM            cstackCOMRAM 000000
__Ldata                    data         000000
__LdataCOMRAM              dataCOMRAM   000000
__Leeprom_data             eeprom_data  000000
__Lfarbss                  farbss       000000
__Lfardata                 fardata      000000
__Libigdata                ibigdata     000000
__Lidata                   idata        000000
__LidataCOMRAM             idataCOMRAM  000000
__Lidloc                   idloc        200000
__Lifardata                ifardata     000000
__Linit                    init         0000AA
__Lintcode                 intcode      000008
__Lintcode_body            intcode_body 000000
__Lintcodelo               intcodelo    000018
__Lintentry                intentry     000000
__Lintret                  intret       000000
__Lintsave_regs            intsave_regs 000000
__Lirdata                  irdata       000000
__Lmediumconst             mediumconst  000000
__LnvFARRAM                nvFARRAM     000000
__Lnvbit                   nvbit        000000
__Lnvrram                  nvrram       000000
__Lparam                   rparam       000000
__Lpowerup                 powerup      0000AA
__Lram                     ram          000000
__Lramtop                  ramtop       000600
__Lrbit                    rbit         000000
__Lrbss                    rbss         000000
__Lrdata                   rdata        000000
__Lreset_vec               reset_vec    000000
__Lrparam                  rparam       000000
__Lsfr                     sfr          000000
__Lsmallconst              smallconst   000600
__Lspace_0                 (abs)        000000
__Lspace_1                 (abs)        000000
__Lspace_2                 (abs)        000000
__Lstack                   stack        000000
__Lstruct                  struct       000000
__Ltemp                    temp         00005A
__Ltext                    text         000000
__Ltext0                   text0        000000
__Ltext1                   text1        000000
__Ltext10                  text10       000000
__Ltext11                  text11       000000
__Ltext12                  text12       000000
__Ltext13                  text13       000000
__Ltext14                  text14       000000
__Ltext15                  text15       000000
__Ltext16                  text16       000000
__Ltext17                  text17       000000
__Ltext2                   text2        000000
__Ltext20                  text20       000000
__Ltext3                   text3        000000
__Ltext4                   text4        000000
__Ltext5                   text5        000000
__Ltext6                   text6        000000
__Ltext7                   text7        000000
__Ltext8                   text8        000000
__Ltext9                   text9        000000
__S0                       (abs)        30000E
__S1                       (abs)        000300
__S2                       (abs)        000000
___inthi_sp                stack        000000
___intlo_sp                stack        000000
___lmul                    text9        000C1A
___lmul@multiplicand       cstackCOMRAM 000029
___lmul@multiplier         cstackCOMRAM 000025
___lmul@product            cstackCOMRAM 00002D
___lwdiv                   text7        000C70
___lwdiv@counter           cstackCOMRAM 000029
___lwdiv@dividend          cstackCOMRAM 000025
___lwdiv@divisor           cstackCOMRAM 000027
___lwdiv@quotient          cstackCOMRAM 00002A
___lwmod                   text6        000D14
___lwmod@counter           cstackCOMRAM 000030
___lwmod@dividend          cstackCOMRAM 00002C
___lwmod@divisor           cstackCOMRAM 00002E
___param_bank              (abs)        000000
___rparam_used             (abs)        000001
___sp                      stack        000000
__accesstop                (abs)        000080
__activetblptr             (abs)        000002
__end_of___lmul            text9        000C70
__end_of___lwdiv           text7        000CC2
__end_of___lwmod           text6        000D56
__end_of__initialization   cinit        000C0C
__end_of_dpowers           smallconst   00060B
__end_of_high_isr          intcode_body 000BB8
__end_of_i2c_init          text17       000E62
__end_of_i2c_is_idle       text16       000E88
__end_of_i2c_read          text15       000E4A
__end_of_i2c_rep_start     text14       000EBE
__end_of_i2c_start         text13       000EB6
__end_of_i2c_stop          text12       000EAE
__end_of_i2c_write         text11       000E76
__end_of_low_isr           intcodelo    0000AA
__end_of_main              text0        0009DC
__end_of_memcpy            text10       000D96
__end_of_rand              text8        000D14
__end_of_sprintf           text5        000B24
__end_of_srand             text4        000EA6
__end_of_uart_init         text3        000E02
__end_of_uart_receiver     text20       000E30
__end_of_uart_send         text2        000E98
__end_of_uart_send_string  text1        000DCC
__initialization           cinit        000BB8
__mediumconst              mediumconst  000000
__pbssBANK1                bssBANK1     000100
__pbssBANK2                bssBANK2     000200
__pbssCOMRAM               bssCOMRAM    000043
__pcinit                   cinit        000BB8
__pcstackBANK0             cstackBANK0  000080
__pcstackCOMRAM            cstackCOMRAM 000001
__pdataCOMRAM              dataCOMRAM   000056
__pidataCOMRAM             idataCOMRAM  000EBE
__pintcode                 intcode      000008
__pintcode_body            intcode_body 000B24
__pintcodelo               intcodelo    000018
__psmallconst              smallconst   000600
__ptext0                   text0        000630
__ptext1                   text1        000D96
__ptext10                  text10       000D56
__ptext11                  text11       000E62
__ptext12                  text12       000EA6
__ptext13                  text13       000EAE
__ptext14                  text14       000EB6
__ptext15                  text15       000E30
__ptext16                  text16       000E76
__ptext17                  text17       000E4A
__ptext2                   text2        000E88
__ptext20                  text20       000E02
__ptext3                   text3        000DCC
__ptext4                   text4        000E98
__ptext5                   text5        0009DC
__ptext6                   text6        000D14
__ptext7                   text7        000C70
__ptext8                   text8        000CC2
__ptext9                   text9        000C1A
__ramtop                   ramtop       000600
__size_of___lmul           (abs)        000000
__size_of___lwdiv          (abs)        000000
__size_of___lwmod          (abs)        000000
__size_of_high_isr         (abs)        000000
__size_of_i2c_init         (abs)        000000
__size_of_i2c_is_idle      (abs)        000000
__size_of_i2c_read         (abs)        000000
__size_of_i2c_rep_start    (abs)        000000
__size_of_i2c_start        (abs)        000000
__size_of_i2c_stop         (abs)        000000
__size_of_i2c_write        (abs)        000000
__size_of_low_isr          (abs)        000000
__size_of_main             (abs)        000000
__size_of_memcpy           (abs)        000000
__size_of_rand             (abs)        000000
__size_of_sprintf          (abs)        000000
__size_of_srand            (abs)        000000
__size_of_uart_init        (abs)        000000
__size_of_uart_receiver    (abs)        000000
__size_of_uart_send        (abs)        000000
__size_of_uart_send_string (abs)        000000
__smallconst               smallconst   000600
_block_buff                bssBANK2     000200
_block_sample              bssCOMRAM    000043
_block_sample_pos          bssCOMRAM    00004B
_dpowers                   smallconst   000601
_ext_eeprom_acc            bssCOMRAM    000053
_high_isr                  intcode      000008
_i2c_init                  text17       000E4A
_i2c_is_idle               text16       000E76
_i2c_read                  text15       000E30
_i2c_rep_start             text14       000EB6
_i2c_start                 text13       000EAE
_i2c_stop                  text12       000EA6
_i2c_write                 text11       000E62
_low_isr                   intcodelo    000018
_main                      text0        000630
_memcpy                    text10       000D56
_print_buffer              bssBANK1     000100
_rand                      text8        000CC2
_randx                     dataCOMRAM   000056
_sprintf                   text5        0009DC
_srand                     text4        000E98
_uart_data                 bssCOMRAM    000055
_uart_got_data_bool        bssCOMRAM    000054
_uart_init                 text3        000DCC
_uart_receiver             text20       000E02
_uart_send                 text2        000E88
_uart_send_string          text1        000D96
btemp                      temp         00005A
end_of_initialization      cinit        000C0C
i2c_read@ack               cstackCOMRAM 000026
i2c_write@i2c_data         cstackCOMRAM 000026
int$flags                  temp         00005A
int_func                   intcode_body 000B24
intlevel0                  text         000000
intlevel1                  text         000000
intlevel2                  text         000000
intlevel3                  text         000000
main@acc                   cstackBANK0  00008B
main@addr                  cstackBANK0  000080
main@i                     cstackBANK0  00008C
main@j                     cstackBANK0  000089
main@k                     cstackBANK0  000081
main@l                     cstackBANK0  00008E
main@last                  cstackBANK0  000082
main@ran                   cstackBANK0  000088
main@u                     cstackBANK0  000086
memcpy@d                   cstackCOMRAM 00002B
memcpy@d1                  cstackCOMRAM 000025
memcpy@n                   cstackCOMRAM 000029
memcpy@s                   cstackCOMRAM 00002D
memcpy@s1                  cstackCOMRAM 000027
sprintf@ap                 cstackCOMRAM 00003A
sprintf@c                  cstackCOMRAM 000040
sprintf@f                  cstackCOMRAM 000033
sprintf@flag               cstackCOMRAM 00003C
sprintf@prec               cstackCOMRAM 00003D
sprintf@sp                 cstackCOMRAM 000031
sprintf@val                cstackCOMRAM 00003E
srand@x                    cstackCOMRAM 000025
stackhi                    (abs)        0005FF
stacklo                    (abs)        000300
start                      init         0000AA
start_initialization       cinit        000BB8
uart_init@brg16            cstackCOMRAM 00002B
uart_init@brgh             cstackCOMRAM 000029
uart_init@gen_reg          cstackCOMRAM 000025
uart_init@sync             cstackCOMRAM 000027
uart_receiver@c            cstackCOMRAM 000001
uart_receiver@er           cstackCOMRAM 000005
uart_receiver@rx_flag      cstackCOMRAM 000003
uart_send@c                cstackCOMRAM 000025
uart_send_string@c         cstackCOMRAM 000026
uart_send_string@z         cstackCOMRAM 000028


FUNCTION INFORMATION:

 *************** function _main *****************
 Defined at:
		line 33 in file "main.c"
 Parameters:    Size  Location     Type
		None
 Auto vars:     Size  Location     Type
  last            4    2[BANK0 ] unsigned long 
  l               2   14[BANK0 ] unsigned int 
  i               2   12[BANK0 ] unsigned int 
  j               2    9[BANK0 ] unsigned int 
  u               2    6[BANK0 ] unsigned int 
  acc             1   11[BANK0 ] unsigned char 
  ran             1    8[BANK0 ] unsigned char 
  k               1    1[BANK0 ] unsigned char 
  addr            1    0[BANK0 ] unsigned char 
 Return value:  Size  Location     Type
                  1    wreg      void 
 Registers used:
		wreg, fsr1l, fsr1h, fsr2l, fsr2h, status,2, status,0, tblptrl, tblptrh, tblptru, prodl, prodh, cstack
 Tracked objects:
		On entry : 
		On exit  : 
		Unchanged: 
 Data sizes:     COMRAM   BANK0   BANK1   BANK2   BANK3   BANK4   BANK5
      Params:         0       0       0       0       0       0       0
      Locals:         0      16       0       0       0       0       0
      Temps:          2       0       0       0       0       0       0
      Totals:         2      16       0       0       0       0       0
Total ram usage:       18 bytes
 Hardware stack levels required when called:    5
 This function calls:
		_i2c_init
		_i2c_read
		_i2c_rep_start
		_i2c_start
		_i2c_stop
		_i2c_write
		_memcpy
		_rand
		_sprintf
		_srand
		_uart_init
		_uart_send_string
 This function is called by:
		Startup code after reset
 This function uses a non-reentrant model


 *************** function _uart_send_string *****************
 Defined at:
		line 50 in file "uart_layer.c"
 Parameters:    Size  Location     Type
  c               2   37[COMRAM] PTR unsigned char 
		 -> print_buffer(256), 
 Auto vars:     Size  Location     Type
  z               1   39[COMRAM] unsigned char 
 Return value:  Size  Location     Type
                  1    wreg      void 
 Registers used:
		wreg, fsr2l, fsr2h, status,2, status,0, prodl, prodh, cstack
 Tracked objects:
		On entry : 
		On exit  : 
		Unchanged: 
 Data sizes:     COMRAM   BANK0   BANK1   BANK2   BANK3   BANK4   BANK5
      Params:         2       0       0       0       0       0       0
      Locals:         1       0       0       0       0       0       0
      Temps:          0       0       0       0       0       0       0
      Totals:         3       0       0       0       0       0       0
Total ram usage:        3 bytes
 Hardware stack levels used:    1
 Hardware stack levels required when called:    4
 This function calls:
		_uart_send
 This function is called by:
		_main
 This function uses a non-reentrant model


 *************** function _uart_send *****************
 Defined at:
		line 24 in file "uart_layer.c"
 Parameters:    Size  Location     Type
  c               1    wreg     unsigned char 
 Auto vars:     Size  Location     Type
  c               1   36[COMRAM] unsigned char 
 Return value:  Size  Location     Type
                  1    wreg      void 
 Registers used:
		wreg
 Tracked objects:
		On entry : 
		On exit  : 
		Unchanged: 
 Data sizes:     COMRAM   BANK0   BANK1   BANK2   BANK3   BANK4   BANK5
      Params:         0       0       0       0       0       0       0
      Locals:         1       0       0       0       0       0       0
      Temps:          0       0       0       0       0       0       0
      Totals:         1       0       0       0       0       0       0
Total ram usage:        1 bytes
 Hardware stack levels used:    1
 Hardware stack levels required when called:    3
 This function calls:
		Nothing
 This function is called by:
		_uart_send_string
		_uart_send_array
 This function uses a non-reentrant model


 *************** function _uart_init *****************
 Defined at:
		line 4 in file "uart_layer.c"
 Parameters:    Size  Location     Type
  gen_reg         2   36[COMRAM] unsigned int 
  sync            2   38[COMRAM] unsigned int 
  brgh            2   40[COMRAM] unsigned int 
  brg16           2   42[COMRAM] unsigned int 
 Auto vars:     Size  Location     Type
		None
 Return value:  Size  Location     Type
                  1    wreg      void 
 Registers used:
		wreg, status,2
 Tracked objects:
		On entry : 
		On exit  : 
		Unchanged: 
 Data sizes:     COMRAM   BANK0   BANK1   BANK2   BANK3   BANK4   BANK5
      Params:         8       0       0       0       0       0       0
      Locals:         0       0       0       0       0       0       0
      Temps:          0       0       0       0       0       0       0
      Totals:         8       0       0       0       0       0       0
Total ram usage:        8 bytes
 Hardware stack levels used:    1
 Hardware stack levels required when called:    3
 This function calls:
		Nothing
 This function is called by:
		_main
 This function uses a non-reentrant model


 *************** function _srand *****************
 Defined at:
		line 6 in file "C:\Program Files (x86)\Microchip\xc8\v1.41\sources\common\rand.c"
 Parameters:    Size  Location     Type
  x               2   36[COMRAM] unsigned int 
 Auto vars:     Size  Location     Type
		None
 Return value:  Size  Location     Type
                  1    wreg      void 
 Registers used:
		status,2
 Tracked objects:
		On entry : 
		On exit  : 
		Unchanged: 
 Data sizes:     COMRAM   BANK0   BANK1   BANK2   BANK3   BANK4   BANK5
      Params:         2       0       0       0       0       0       0
      Locals:         0       0       0       0       0       0       0
      Temps:          0       0       0       0       0       0       0
      Totals:         2       0       0       0       0       0       0
Total ram usage:        2 bytes
 Hardware stack levels used:    1
 Hardware stack levels required when called:    3
 This function calls:
		Nothing
 This function is called by:
		_main
 This function uses a non-reentrant model


 *************** function _sprintf *****************
 Defined at:
		line 492 in file "C:\Program Files (x86)\Microchip\xc8\v1.41\sources\common\doprnt.c"
 Parameters:    Size  Location     Type
  sp              2   48[COMRAM] PTR unsigned char 
		 -> print_buffer(256), 
  f               2   50[COMRAM] PTR const unsigned char 
		 -> STR_2(19), STR_1(16), 
 Auto vars:     Size  Location     Type
  tmpval          4    0        struct .
  cp              3    0        PTR const unsigned char 
  val             2   61[COMRAM] unsigned int 
  ap              2   57[COMRAM] PTR void [1]
		 -> ?_sprintf(2), 
  len             2    0        unsigned int 
  c               1   63[COMRAM] char 
  prec            1   60[COMRAM] char 
  flag            1   59[COMRAM] unsigned char 
 Return value:  Size  Location     Type
                  2   48[COMRAM] int 
 Registers used:
		wreg, fsr2l, fsr2h, status,2, status,0, tblptrl, tblptrh, tblptru, prodl, prodh, cstack
 Tracked objects:
		On entry : 
		On exit  : 
		Unchanged: 
 Data sizes:     COMRAM   BANK0   BANK1   BANK2   BANK3   BANK4   BANK5
      Params:         8       0       0       0       0       0       0
      Locals:         7       0       0       0       0       0       0
      Temps:          1       0       0       0       0       0       0
      Totals:        16       0       0       0       0       0       0
Total ram usage:       16 bytes
 Hardware stack levels used:    1
 Hardware stack levels required when called:    4
 This function calls:
		___lwdiv
		___lwmod
 This function is called by:
		_main
 This function uses a non-reentrant model


 *************** function ___lwmod *****************
 Defined at:
		line 8 in file "C:\Program Files (x86)\Microchip\xc8\v1.41\sources\common\lwmod.c"
 Parameters:    Size  Location     Type
  dividend        2   43[COMRAM] unsigned int 
  divisor         2   45[COMRAM] unsigned int 
 Auto vars:     Size  Location     Type
  counter         1   47[COMRAM] unsigned char 
 Return value:  Size  Location     Type
                  2   43[COMRAM] unsigned int 
 Registers used:
		wreg, status,2, status,0
 Tracked objects:
		On entry : 
		On exit  : 
		Unchanged: 
 Data sizes:     COMRAM   BANK0   BANK1   BANK2   BANK3   BANK4   BANK5
      Params:         4       0       0       0       0       0       0
      Locals:         1       0       0       0       0       0       0
      Temps:          0       0       0       0       0       0       0
      Totals:         5       0       0       0       0       0       0
Total ram usage:        5 bytes
 Hardware stack levels used:    1
 Hardware stack levels required when called:    3
 This function calls:
		Nothing
 This function is called by:
		_sprintf
 This function uses a non-reentrant model


 *************** function ___lwdiv *****************
 Defined at:
		line 8 in file "C:\Program Files (x86)\Microchip\xc8\v1.41\sources\common\lwdiv.c"
 Parameters:    Size  Location     Type
  dividend        2   36[COMRAM] unsigned int 
  divisor         2   38[COMRAM] unsigned int 
 Auto vars:     Size  Location     Type
  quotient        2   41[COMRAM] unsigned int 
  counter         1   40[COMRAM] unsigned char 
 Return value:  Size  Location     Type
                  2   36[COMRAM] unsigned int 
 Registers used:
		wreg, status,2, status,0
 Tracked objects:
		On entry : 
		On exit  : 
		Unchanged: 
 Data sizes:     COMRAM   BANK0   BANK1   BANK2   BANK3   BANK4   BANK5
      Params:         4       0       0       0       0       0       0
      Locals:         3       0       0       0       0       0       0
      Temps:          0       0       0       0       0       0       0
      Totals:         7       0       0       0       0       0       0
Total ram usage:        7 bytes
 Hardware stack levels used:    1
 Hardware stack levels required when called:    3
 This function calls:
		Nothing
 This function is called by:
		_sprintf
 This function uses a non-reentrant model


 *************** function _rand *****************
 Defined at:
		line 12 in file "C:\Program Files (x86)\Microchip\xc8\v1.41\sources\common\rand.c"
 Parameters:    Size  Location     Type
		None
 Auto vars:     Size  Location     Type
		None
 Return value:  Size  Location     Type
                  2   48[COMRAM] int 
 Registers used:
		wreg, status,2, status,0, cstack
 Tracked objects:
		On entry : 
		On exit  : 
		Unchanged: 
 Data sizes:     COMRAM   BANK0   BANK1   BANK2   BANK3   BANK4   BANK5
      Params:         2       0       0       0       0       0       0
      Locals:         0       0       0       0       0       0       0
      Temps:          0       0       0       0       0       0       0
      Totals:         2       0       0       0       0       0       0
Total ram usage:        2 bytes
 Hardware stack levels used:    1
 Hardware stack levels required when called:    4
 This function calls:
		___lmul
 This function is called by:
		_main
 This function uses a non-reentrant model


 *************** function ___lmul *****************
 Defined at:
		line 15 in file "C:\Program Files (x86)\Microchip\xc8\v1.41\sources\common\Umul32.c"
 Parameters:    Size  Location     Type
  multiplier      4   36[COMRAM] unsigned long 
  multiplicand    4   40[COMRAM] unsigned long 
 Auto vars:     Size  Location     Type
  product         4   44[COMRAM] unsigned long 
 Return value:  Size  Location     Type
                  4   36[COMRAM] unsigned long 
 Registers used:
		wreg, status,2, status,0
 Tracked objects:
		On entry : 
		On exit  : 
		Unchanged: 
 Data sizes:     COMRAM   BANK0   BANK1   BANK2   BANK3   BANK4   BANK5
      Params:         8       0       0       0       0       0       0
      Locals:         4       0       0       0       0       0       0
      Temps:          0       0       0       0       0       0       0
      Totals:        12       0       0       0       0       0       0
Total ram usage:       12 bytes
 Hardware stack levels used:    1
 Hardware stack levels required when called:    3
 This function calls:
		Nothing
 This function is called by:
		_rand
 This function uses a non-reentrant model


 *************** function _memcpy *****************
 Defined at:
		line 11 in file "C:\Program Files (x86)\Microchip\xc8\v1.41\sources\common\memcpy.c"
 Parameters:    Size  Location     Type
  d1              2   36[COMRAM] PTR void 
		 -> main@acc(1), 
  s1              2   38[COMRAM] PTR const void 
		 -> ext_eeprom_acc(1), 
  n               2   40[COMRAM] unsigned int 
 Auto vars:     Size  Location     Type
  s               2   44[COMRAM] PTR const unsigned char 
		 -> ext_eeprom_acc(1), 
  d               2   42[COMRAM] PTR unsigned char 
		 -> main@acc(1), 
 Return value:  Size  Location     Type
                  2   36[COMRAM] PTR void 
 Registers used:
		wreg, fsr1l, fsr1h, fsr2l, fsr2h, status,2, status,0
 Tracked objects:
		On entry : 
		On exit  : 
		Unchanged: 
 Data sizes:     COMRAM   BANK0   BANK1   BANK2   BANK3   BANK4   BANK5
      Params:         6       0       0       0       0       0       0
      Locals:         4       0       0       0       0       0       0
      Temps:          0       0       0       0       0       0       0
      Totals:        10       0       0       0       0       0       0
Total ram usage:       10 bytes
 Hardware stack levels used:    1
 Hardware stack levels required when called:    3
 This function calls:
		Nothing
 This function is called by:
		_main
 This function uses a non-reentrant model


 *************** function _i2c_write *****************
 Defined at:
		line 22 in file "i2c_layer.c"
 Parameters:    Size  Location     Type
  i2c_data        1    wreg     unsigned char 
 Auto vars:     Size  Location     Type
  i2c_data        1   37[COMRAM] unsigned char 
 Return value:  Size  Location     Type
                  1    wreg      void 
 Registers used:
		wreg, status,2, status,0, cstack
 Tracked objects:
		On entry : 
		On exit  : 
		Unchanged: 
 Data sizes:     COMRAM   BANK0   BANK1   BANK2   BANK3   BANK4   BANK5
      Params:         0       0       0       0       0       0       0
      Locals:         1       0       0       0       0       0       0
      Temps:          0       0       0       0       0       0       0
      Totals:         1       0       0       0       0       0       0
Total ram usage:        1 bytes
 Hardware stack levels used:    1
 Hardware stack levels required when called:    4
 This function calls:
		_i2c_is_idle
 This function is called by:
		_main
 This function uses a non-reentrant model


 *************** function _i2c_stop *****************
 Defined at:
		line 17 in file "i2c_layer.c"
 Parameters:    Size  Location     Type
		None
 Auto vars:     Size  Location     Type
		None
 Return value:  Size  Location     Type
                  1    wreg      void 
 Registers used:
		wreg, status,2, status,0, cstack
 Tracked objects:
		On entry : 
		On exit  : 
		Unchanged: 
 Data sizes:     COMRAM   BANK0   BANK1   BANK2   BANK3   BANK4   BANK5
      Params:         0       0       0       0       0       0       0
      Locals:         0       0       0       0       0       0       0
      Temps:          0       0       0       0       0       0       0
      Totals:         0       0       0       0       0       0       0
Total ram usage:        0 bytes
 Hardware stack levels used:    1
 Hardware stack levels required when called:    4
 This function calls:
		_i2c_is_idle
 This function is called by:
		_main
 This function uses a non-reentrant model


 *************** function _i2c_start *****************
 Defined at:
		line 7 in file "i2c_layer.c"
 Parameters:    Size  Location     Type
		None
 Auto vars:     Size  Location     Type
		None
 Return value:  Size  Location     Type
                  1    wreg      void 
 Registers used:
		wreg, status,2, status,0, cstack
 Tracked objects:
		On entry : 
		On exit  : 
		Unchanged: 
 Data sizes:     COMRAM   BANK0   BANK1   BANK2   BANK3   BANK4   BANK5
      Params:         0       0       0       0       0       0       0
      Locals:         0       0       0       0       0       0       0
      Temps:          0       0       0       0       0       0       0
      Totals:         0       0       0       0       0       0       0
Total ram usage:        0 bytes
 Hardware stack levels used:    1
 Hardware stack levels required when called:    4
 This function calls:
		_i2c_is_idle
 This function is called by:
		_main
 This function uses a non-reentrant model


 *************** function _i2c_rep_start *****************
 Defined at:
		line 12 in file "i2c_layer.c"
 Parameters:    Size  Location     Type
		None
 Auto vars:     Size  Location     Type
		None
 Return value:  Size  Location     Type
                  1    wreg      void 
 Registers used:
		wreg, status,2, status,0, cstack
 Tracked objects:
		On entry : 
		On exit  : 
		Unchanged: 
 Data sizes:     COMRAM   BANK0   BANK1   BANK2   BANK3   BANK4   BANK5
      Params:         0       0       0       0       0       0       0
      Locals:         0       0       0       0       0       0       0
      Temps:          0       0       0       0       0       0       0
      Totals:         0       0       0       0       0       0       0
Total ram usage:        0 bytes
 Hardware stack levels used:    1
 Hardware stack levels required when called:    4
 This function calls:
		_i2c_is_idle
 This function is called by:
		_main
 This function uses a non-reentrant model


 *************** function _i2c_read *****************
 Defined at:
		line 29 in file "i2c_layer.c"
 Parameters:    Size  Location     Type
  ack             1    wreg     unsigned char 
 Auto vars:     Size  Location     Type
  ack             1   37[COMRAM] unsigned char 
 Return value:  Size  Location     Type
                  1    wreg      unsigned char 
 Registers used:
		wreg, status,2, status,0, cstack
 Tracked objects:
		On entry : 
		On exit  : 
		Unchanged: 
 Data sizes:     COMRAM   BANK0   BANK1   BANK2   BANK3   BANK4   BANK5
      Params:         0       0       0       0       0       0       0
      Locals:         1       0       0       0       0       0       0
      Temps:          0       0       0       0       0       0       0
      Totals:         1       0       0       0       0       0       0
Total ram usage:        1 bytes
 Hardware stack levels used:    1
 Hardware stack levels required when called:    4
 This function calls:
		_i2c_is_idle
 This function is called by:
		_main
 This function uses a non-reentrant model


 *************** function _i2c_is_idle *****************
 Defined at:
		line 3 in file "i2c_layer.c"
 Parameters:    Size  Location     Type
		None
 Auto vars:     Size  Location     Type
		None
 Return value:  Size  Location     Type
                  1    wreg      void 
 Registers used:
		wreg, status,2, status,0
 Tracked objects:
		On entry : 
		On exit  : 
		Unchanged: 
 Data sizes:     COMRAM   BANK0   BANK1   BANK2   BANK3   BANK4   BANK5
      Params:         0       0       0       0       0       0       0
      Locals:         0       0       0       0       0       0       0
      Temps:          1       0       0       0       0       0       0
      Totals:         1       0       0       0       0       0       0
Total ram usage:        1 bytes
 Hardware stack levels used:    1
 Hardware stack levels required when called:    3
 This function calls:
		Nothing
 This function is called by:
		_i2c_start
		_i2c_rep_start
		_i2c_stop
		_i2c_write
		_i2c_read
 This function uses a non-reentrant model


 *************** function _i2c_init *****************
 Defined at:
		line 37 in file "i2c_layer.c"
 Parameters:    Size  Location     Type
		None
 Auto vars:     Size  Location     Type
		None
 Return value:  Size  Location     Type
                  1    wreg      void 
 Registers used:
		wreg, status,2
 Tracked objects:
		On entry : 
		On exit  : 
		Unchanged: 
 Data sizes:     COMRAM   BANK0   BANK1   BANK2   BANK3   BANK4   BANK5
      Params:         0       0       0       0       0       0       0
      Locals:         0       0       0       0       0       0       0
      Temps:          0       0       0       0       0       0       0
      Totals:         0       0       0       0       0       0       0
Total ram usage:        0 bytes
 Hardware stack levels used:    1
 Hardware stack levels required when called:    3
 This function calls:
		Nothing
 This function is called by:
		_main
 This function uses a non-reentrant model


 *************** function _low_isr *****************
 Defined at:
		line 147 in file "main.c"
 Parameters:    Size  Location     Type
		None
 Auto vars:     Size  Location     Type
		None
 Return value:  Size  Location     Type
                  1    wreg      void 
 Registers used:
		None
 Tracked objects:
		On entry : 
		On exit  : 
		Unchanged: 
 Data sizes:     COMRAM   BANK0   BANK1   BANK2   BANK3   BANK4   BANK5
      Params:         0       0       0       0       0       0       0
      Locals:         0       0       0       0       0       0       0
      Temps:         17       0       0       0       0       0       0
      Totals:        17       0       0       0       0       0       0
Total ram usage:       17 bytes
 Hardware stack levels used:    1
 Hardware stack levels required when called:    2
 This function calls:
		Nothing
 This function is called by:
		Interrupt level 1
 This function uses a non-reentrant model


 *************** function _high_isr *****************
 Defined at:
		line 137 in file "main.c"
 Parameters:    Size  Location     Type
		None
 Auto vars:     Size  Location     Type
		None
 Return value:  Size  Location     Type
                  1    wreg      void 
 Registers used:
		wreg, fsr2l, fsr2h, status,2, status,0, cstack
 Tracked objects:
		On entry : 
		On exit  : 
		Unchanged: 
 Data sizes:     COMRAM   BANK0   BANK1   BANK2   BANK3   BANK4   BANK5
      Params:         0       0       0       0       0       0       0
      Locals:         0       0       0       0       0       0       0
      Temps:         14       0       0       0       0       0       0
      Totals:        14       0       0       0       0       0       0
Total ram usage:       14 bytes
 Hardware stack levels used:    1
 Hardware stack levels required when called:    1
 This function calls:
		_uart_receiver
 This function is called by:
		Interrupt level 2
 This function uses a non-reentrant model


 *************** function _uart_receiver *****************
 Defined at:
		line 31 in file "uart_layer.c"
 Parameters:    Size  Location     Type
  c               2    0[COMRAM] PTR unsigned char 
		 -> uart_data(1), 
  rx_flag         2    2[COMRAM] PTR unsigned char 
		 -> uart_got_data_bool(1), 
 Auto vars:     Size  Location     Type
  er              1    4[COMRAM] unsigned char 
 Return value:  Size  Location     Type
                  1    wreg      void 
 Registers used:
		wreg, fsr2l, fsr2h
 Tracked objects:
		On entry : 
		On exit  : 
		Unchanged: 
 Data sizes:     COMRAM   BANK0   BANK1   BANK2   BANK3   BANK4   BANK5
      Params:         4       0       0       0       0       0       0
      Locals:         1       0       0       0       0       0       0
      Temps:          0       0       0       0       0       0       0
      Totals:         5       0       0       0       0       0       0
Total ram usage:        5 bytes
 Hardware stack levels used:    1
 This function calls:
		Nothing
 This function is called by:
		_high_isr
 This function uses a non-reentrant model



MODULE INFORMATION

Module		Function		Class		Link	Load	Size
C:\Program Files (x86)\Microchip\xc8\v1.41\sources\common\lwdiv.c
		___lwdiv       		CODE           	0C70	0000	83

C:\Program Files (x86)\Microchip\xc8\v1.41\sources\common\lwdiv.c estimated size: 83

C:\Program Files (x86)\Microchip\xc8\v1.41\sources\common\doprnt.c
		_sprintf       		CODE           	09DC	0000	329

C:\Program Files (x86)\Microchip\xc8\v1.41\sources\common\doprnt.c estimated size: 329

C:\Program Files (x86)\Microchip\xc8\v1.41\sources\common\memcpy.c
		_memcpy        		CODE           	0D56	0000	65

C:\Program Files (x86)\Microchip\xc8\v1.41\sources\common\memcpy.c estimated size: 65

C:\Program Files (x86)\Microchip\xc8\v1.41\sources\common\Umul32.c
		___lmul        		CODE           	0C1A	0000	87

C:\Program Files (x86)\Microchip\xc8\v1.41\sources\common\Umul32.c estimated size: 87

i2c_layer.c
		_i2c_start     		CODE           	0EAE	0000	9
		_i2c_rep_start 		CODE           	0EB6	0000	9
		_i2c_write     		CODE           	0E62	0000	21
		_i2c_is_idle   		CODE           	0E76	0000	19
		_i2c_stop      		CODE           	0EA6	0000	9
		_i2c_read      		CODE           	0E30	0000	27
		_i2c_init      		CODE           	0E4A	0000	25

i2c_layer.c estimated size: 119

C:\Program Files (x86)\Microchip\xc8\v1.41\sources\common\rand.c
		_srand         		CODE           	0E98	0000	15
		_rand          		CODE           	0CC2	0000	83

C:\Program Files (x86)\Microchip\xc8\v1.41\sources\common\rand.c estimated size: 98

shared
		_dpowers       		SMALLCONST     	0601	0000	11
		__initialization		CODE           	0BB8	0000	85

shared estimated size: 96

C:\Program Files (x86)\Microchip\xc8\v1.41\sources\common\lwmod.c
		___lwmod       		CODE           	0D14	0000	67

C:\Program Files (x86)\Microchip\xc8\v1.41\sources\common\lwmod.c estimated size: 67

uart_layer.c
		_uart_init     		CODE           	0DCC	0000	55
		_uart_receiver 		CODE           	0E02	0000	47
		_uart_send     		CODE           	0E88	0000	17
		_uart_send_string		CODE           	0D96	0000	55

uart_layer.c estimated size: 174

main.c
		_main          		CODE           	0630	0000	941
		_high_isr      		CODE           	0008	0000	155
		_low_isr       		CODE           	0018	0000	147

main.c estimated size: 1243

